Ôû▓ Next.js 16.1.6 (Turbopack)
- Environments: .env

node.exe : ÔÜá The "middleware" file 
convention is deprecated. Please use 
"proxy" instead. Learn more: https://nextjs
.org/docs/messages/middleware-to-proxy
At line:1 char:1
+ & "C:\Program Files\nodejs/node.exe" 
"C:\Program Files\nodejs/node_mo ...
+ ~~~~~~~~~~~~~~~~~~~~~~~~~~~~~~~~~~~~~~~~~
~~~~~~~~~~~~~~~~~~~~~~~~~~~~
    + CategoryInfo          : NotSpecified 
   : (ÔÜá The "middle...leware-to-proxy:S  
  tring) [], RemoteException
    + FullyQualifiedErrorId : NativeComman 
   dError
 
  Creating an optimized production build ...
Ô£ô Compiled successfully in 37.4s
  Running TypeScript ...
  Collecting page data using 11 workers ...
  Generating static pages using 11 workers (0/37) ...
  Generating static pages using 11 workers (9/37) 
  Generating static pages using 11 workers (18/37) 
  Generating static pages using 11 workers (27/37) 
Ô£ô Generating static pages using 11 workers (37/37) in 1897.2ms
  Finalizing page optimization ...

Route (app)
Ôöî Ôùï /
Ôö£ Ôùï /_not-found
Ôö£ Ôùï /admin
Ôö£ Ôùï /admin/events
Ôö£ ãÆ /admin/events/[id]
Ôö£ ãÆ /admin/events/[id]/edit
Ôö£ Ôùï /admin/events/new
Ôö£ Ôùï /admin/import
Ôö£ Ôùï /admin/paid-items
Ôö£ Ôùï /admin/payments
Ôö£ ãÆ /admin/payments/[id]
Ôö£ Ôùï /admin/payments/budgets
Ôö£ Ôùï /admin/payments/monthly
Ôö£ Ôùï /admin/players
Ôö£ ãÆ /admin/players/[id]
Ôö£ ãÆ /admin/players/[id]/edit
Ôö£ Ôùï /admin/players/new
Ôö£ Ôùï /admin/players/payments-summary
Ôö£ Ôùï /admin/reports
Ôö£ Ôùï /admin/unpaid-items
Ôö£ ãÆ /api/admin/accountant-report
Ôö£ ãÆ /api/admin/backup
Ôö£ ãÆ /api/admin/backup/drive
Ôö£ ãÆ /api/admin/backup/restore
Ôö£ ãÆ /api/admin/budgets
Ôö£ ãÆ /api/admin/events/[id]
Ôö£ ãÆ /api/admin/export
Ôö£ ãÆ /api/admin/import/events
Ôö£ ãÆ /api/admin/import/players
Ôö£ ãÆ /api/admin/players/[id]
Ôö£ ãÆ /api/admin/players/[id]/dismiss-overpayment
Ôö£ ãÆ /api/auth/[...nextauth]
Ôö£ ãÆ /api/credit-cards
Ôö£ ãÆ /api/error-reports
Ôö£ ãÆ /api/event-players
Ôö£ ãÆ /api/events
Ôö£ ãÆ /api/events/[id]
Ôö£ ãÆ /api/import/csv
Ôö£ ãÆ /api/payments
Ôö£ ãÆ /api/players
Ôö£ ãÆ /api/test-pdf
Ôö£ ãÆ /api/upload
Ôö£ Ôùï /login
Ôö£ ãÆ /player
Ôöö Ôùï /player/report


ãÆ Proxy (Middleware)

Ôùï  (Static)   prerendered as static content
ãÆ  (Dynamic)  server-rendered on demand

