Starting Google Drive Integration Test (Attempt 3)...
Created dummy file: test-backup-1771363084245.txt
Auth Check: Successfully obtained client.
Listing all accessible folders...
Visible folders:
- Theater_Backups (1833H0sMgU9A8v_kSvaiWKjfIBMc-Acp7) - Owner: web-app-backup-manager@local-receiver-487720-d8.iam.gserviceaccount.com
Attempting to upload to Google Drive...
node.exe : Google Drive Upload Error: 
GaxiosError: Service Accounts do not have 
storage quota. Leverage shared drives (http
s://developers.google.com/workspace/drive/a
pi/guides/about-shareddrives), or use 
OAuth delegation (http://support.google.com
/a/answer/7281227) instead.
At line:1 char:1
+ & "C:\Program Files\nodejs/node.exe" 
"C:\Program Files\nodejs/node_mo ...
+ ~~~~~~~~~~~~~~~~~~~~~~~~~~~~~~~~~~~~~~~~~
~~~~~~~~~~~~~~~~~~~~~~~~~~~~
    + CategoryInfo          : NotSpecified 
   : (Google Drive Up...81227) instead.:S  
  tring) [], RemoteException
    + FullyQualifiedErrorId : NativeComman 
   dError
 
    at Gaxios._request (C:\Users\ziree\Docu
ments\Theater_web_app_cursor\node_modules\g
axios\src\gaxios.ts:213:15)
    at process.processTicksAndRejections 
(node:internal/process/task_queues:103:5)
    at async JWT.requestAsync (C:\Users\zir
ee\Documents\Theater_web_app_cursor\node_mo
dules\google-auth-library\build\src\auth\oa
uth2client.js:463:20)
    at async createAPIRequestAsync (C:\User
s\ziree\Documents\Theater_web_app_cursor\no
de_modules\googleapis-common\build\src\apir
equest.js:308:25)
    at async uploadToDrive (C:\Users\ziree\
Documents\Theater_web_app_cursor\lib\google
Drive.ts:45:26)
    at async runTest (C:\Users\ziree\Docume
nts\Theater_web_app_cursor\scripts\test-goo
gle-drive.ts:37:24) {
  config: {
    url: URL {
      href: 'https://www.googleapis.com/upl
oad/drive/v3/files?fields=id&uploadType=mul
tipart',
      origin: 'https://www.googleapis.com',
      protocol: 'https:',
      username: '',
      password: '',
      host: 'www.googleapis.com',
      hostname: 'www.googleapis.com',
      port: '',
      pathname: '/upload/drive/v3/files',
      search: 
'?fields=id&uploadType=multipart',
      searchParams: URLSearchParams { 
'fields' => 'id', 'uploadType' => 
'multipart' },
      hash: ''
    },
    method: 'POST',
    apiVersion: '',
    userAgentDirectives: [ [Object] ],
    paramsSerializer: [Function 
(anonymous)],
    data: PassThrough {
      _events: [Object],
      _readableState: [ReadableState],
      _writableState: [WritableState],
      allowHalfOpen: true,
      _maxListeners: undefined,
      _flush: [Function: flush],
      _eventsCount: 5,
      Symbol(shapeMode): true,
      Symbol(kCapture): false,
      Symbol(kCallback): null
    },
    headers: Headers {
      'accept-encoding': 'gzip',
      authorization: '<<REDACTED> - See 
`errorRedactor` option in `gaxios` for 
configuration>.',
      'content-type': 'multipart/related; b
oundary=4ee442e2-e956-4c29-8a49-3b564ee29c0
a',
      'user-agent': 
'google-api-nodejs-client/8.0.1 (gzip)',
      'x-goog-api-client': 'gdcl/8.0.1 
gl-node/24.12.0'
    },
    params: { fields: 'id', uploadType: 
'multipart' },
    validateStatus: [Function (anonymous)],
    retry: true,
    body: PassThrough {
      _events: [Object],
      _readableState: [ReadableState],
      _writableState: [WritableState],
      allowHalfOpen: true,
      _maxListeners: undefined,
      _flush: [Function: flush],
      _eventsCount: 5,
      Symbol(shapeMode): true,
      Symbol(kCapture): false,
      Symbol(kCallback): null
    },
    responseType: 'unknown',
    errorRedactor: [Function: 
defaultErrorRedactor],
    duplex: 'half',
    retryConfig: {
      currentRetryAttempt: 0,
      retry: 3,
      httpMethodsToRetry: [Array],
      noResponseRetries: 2,
      retryDelayMultiplier: 2,
      timeOfFirstRequest: 1771363087815,
      totalTimeout: 9007199254740991,
      maxRetryDelay: 9007199254740991,
      statusCodesToRetry: [Array]
    }
  },
  response: Response {
    size: 0,
    data: { error: [Object] },
    config: {
      url: URL {},
      method: 'POST',
      apiVersion: '',
      userAgentDirectives: [Array],
      paramsSerializer: [Function 
(anonymous)],
      data: [PassThrough],
      headers: Headers {
        'accept-encoding': 'gzip',
        authorization: '<<REDACTED> - See 
`errorRedactor` option in `gaxios` for 
configuration>.',
        'content-type': 
'multipart/related; boundary=4ee442e2-e956-
4c29-8a49-3b564ee29c0a',
        'user-agent': 
'google-api-nodejs-client/8.0.1 (gzip)',
        'x-goog-api-client': 'gdcl/8.0.1 
gl-node/24.12.0'
      },
      params: [Object],
      validateStatus: [Function 
(anonymous)],
      retry: true,
      body: [PassThrough],
      responseType: 'unknown',
      errorRedactor: [Function: 
defaultErrorRedactor],
      duplex: 'half'
    },
    Symbol(Body internals): {
      body: [PassThrough],
      stream: [PassThrough],
      boundary: null,
      disturbed: true,
      error: null
    },
    Symbol(Response internals): {
      type: 'default',
      url: 'https://www.googleapis.com/uplo
ad/drive/v3/files?fields=id&uploadType=mult
ipart',
      status: 403,
      statusText: 'Forbidden',
      headers: [Object],
      counter: 0,
      highWaterMark: 16384
    }
  },
  code: 403,
  status: 403,
  error: undefined,
  Symbol(gaxios-gaxios-error): '7.1.3',
  [cause]: {
    message: 'Service Accounts do not have 
storage quota. Leverage shared drives (http
s://developers.google.com/workspace/drive/a
pi/guides/about-shareddrives), or use 
OAuth delegation (http://support.google.com
/a/answer/7281227) instead.',
    code: 403,
    status: 'Forbidden',
    errors: [ [Object] ]
  }
}

ÔØî TEST ERROR: GaxiosError: Service 
Accounts do not have storage quota. 
Leverage shared drives (https://developers.
google.com/workspace/drive/api/guides/about
-shareddrives), or use OAuth delegation (ht
tp://support.google.com/a/answer/7281227) 
instead.

Cleaned up local file: test-backup-1771363084245.txt
    at Gaxios._request (C:\Users\ziree\Docu
ments\Theater_web_app_cursor\node_modules\g
axios\src\gaxios.ts:213:15)
    at process.processTicksAndRejections 
(node:internal/process/task_queues:103:5)
    at async JWT.requestAsync (C:\Users\zir
ee\Documents\Theater_web_app_cursor\node_mo
dules\google-auth-library\build\src\auth\oa
uth2client.js:463:20)
    at async createAPIRequestAsync (C:\User
s\ziree\Documents\Theater_web_app_cursor\no
de_modules\googleapis-common\build\src\apir
equest.js:308:25)
    at async uploadToDrive (C:\Users\ziree\
Documents\Theater_web_app_cursor\lib\google
Drive.ts:45:26)
    at async runTest (C:\Users\ziree\Docume
nts\Theater_web_app_cursor\scripts\test-goo
gle-drive.ts:37:24) {
  config: {
    url: URL {
      href: 'https://www.googleapis.com/upl
oad/drive/v3/files?fields=id&uploadType=mul
tipart',
      origin: 'https://www.googleapis.com',
      protocol: 'https:',
      username: '',
      password: '',
      host: 'www.googleapis.com',
      hostname: 'www.googleapis.com',
      port: '',
      pathname: '/upload/drive/v3/files',
      search: 
'?fields=id&uploadType=multipart',
      searchParams: URLSearchParams { 
'fields' => 'id', 'uploadType' => 
'multipart' },
      hash: ''
    },
    method: 'POST',
    apiVersion: '',
    userAgentDirectives: [ [Object] ],
    paramsSerializer: [Function 
(anonymous)],
    data: PassThrough {
      _events: [Object],
      _readableState: [ReadableState],
      _writableState: [WritableState],
      allowHalfOpen: true,
      _maxListeners: undefined,
      _flush: [Function: flush],
      _eventsCount: 5,
      Symbol(shapeMode): true,
      Symbol(kCapture): false,
      Symbol(kCallback): null
    },
    headers: Headers {
      'accept-encoding': 'gzip',
      authorization: '<<REDACTED> - See 
`errorRedactor` option in `gaxios` for 
configuration>.',
      'content-type': 'multipart/related; b
oundary=4ee442e2-e956-4c29-8a49-3b564ee29c0
a',
      'user-agent': 
'google-api-nodejs-client/8.0.1 (gzip)',
      'x-goog-api-client': 'gdcl/8.0.1 
gl-node/24.12.0'
    },
    params: { fields: 'id', uploadType: 
'multipart' },
    validateStatus: [Function (anonymous)],
    retry: true,
    body: PassThrough {
      _events: [Object],
      _readableState: [ReadableState],
      _writableState: [WritableState],
      allowHalfOpen: true,
      _maxListeners: undefined,
      _flush: [Function: flush],
      _eventsCount: 5,
      Symbol(shapeMode): true,
      Symbol(kCapture): false,
      Symbol(kCallback): null
    },
    responseType: 'unknown',
    errorRedactor: [Function: 
defaultErrorRedactor],
    duplex: 'half',
    retryConfig: {
      currentRetryAttempt: 0,
      retry: 3,
      httpMethodsToRetry: [Array],
      noResponseRetries: 2,
      retryDelayMultiplier: 2,
      timeOfFirstRequest: 1771363087815,
      totalTimeout: 9007199254740991,
      maxRetryDelay: 9007199254740991,
      statusCodesToRetry: [Array]
    }
  },
  response: Response {
    size: 0,
    data: { error: [Object] },
    config: {
      url: URL {},
      method: 'POST',
      apiVersion: '',
      userAgentDirectives: [Array],
      paramsSerializer: [Function 
(anonymous)],
      data: [PassThrough],
      headers: Headers {
        'accept-encoding': 'gzip',
        authorization: '<<REDACTED> - See 
`errorRedactor` option in `gaxios` for 
configuration>.',
        'content-type': 
'multipart/related; boundary=4ee442e2-e956-
4c29-8a49-3b564ee29c0a',
        'user-agent': 
'google-api-nodejs-client/8.0.1 (gzip)',
        'x-goog-api-client': 'gdcl/8.0.1 
gl-node/24.12.0'
      },
      params: [Object],
      validateStatus: [Function 
(anonymous)],
      retry: true,
      body: [PassThrough],
      responseType: 'unknown',
      errorRedactor: [Function: 
defaultErrorRedactor],
      duplex: 'half'
    },
    Symbol(Body internals): {
      body: [PassThrough],
      stream: [PassThrough],
      boundary: null,
      disturbed: true,
      error: null
    },
    Symbol(Response internals): {
      type: 'default',
      url: 'https://www.googleapis.com/uplo
ad/drive/v3/files?fields=id&uploadType=mult
ipart',
      status: 403,
      statusText: 'Forbidden',
      headers: [Object],
      counter: 0,
      highWaterMark: 16384
    }
  },
  code: 403,
  status: 403,
  error: undefined,
  Symbol(gaxios-gaxios-error): '7.1.3',
  [cause]: {
    message: 'Service Accounts do not have 
storage quota. Leverage shared drives (http
s://developers.google.com/workspace/drive/a
pi/guides/about-shareddrives), or use 
OAuth delegation (http://support.google.com
/a/answer/7281227) instead.',
    code: 403,
    status: 'Forbidden',
    errors: [ [Object] ]
  }
}
